[seed 42] training on 1700 real-data sequences...
[seed 42] final_loss=1.2031; h1_mae=21.2168
[seed 123] training on 1700 real-data sequences...
[seed 123] final_loss=0.1687; h1_mae=20.9898
[seed 2026] training on 1700 real-data sequences...
[seed 2026] final_loss=0.5179; h1_mae=21.4032
[seed 3407] training on 1700 real-data sequences...
[seed 3407] final_loss=0.2998; h1_mae=21.9203
[seed 7777] training on 1700 real-data sequences...
[seed 7777] final_loss=0.2236; h1_mae=21.2362
{
  "h1": {
    "mae": {
      "mean": 21.35327047631741,
      "std": 0.34944734873813693,
      "ci95_low": 20.91937428412151,
      "ci95_high": 21.787166668513308
    },
    "rmse": {
      "mean": 45.3376505752001,
      "std": 0.5481465350166377,
      "ci95_low": 44.657036756929806,
      "ci95_high": 46.018264393470396
    },
    "spearman": {
      "mean": 0.06158250881533682,
      "std": 0.03855202207144959,
      "ci95_low": 0.013713850951260965,
      "ci95_high": 0.10945116667941268
    },
    "p_at_10": {
      "mean": 0.06000000000000001,
      "std": 0.03162277660168379,
      "ci95_low": 0.02073513677044888,
      "ci95_high": 0.09926486322955114
    },
    "recall_at_10": {
      "mean": 0.06000000000000001,
      "std": 0.03162277660168379,
      "ci95_low": 0.02073513677044888,
      "ci95_high": 0.09926486322955114
    },
    "ndcg_at_10": {
      "mean": 0.0993037660298236,
      "std": 0.026323889375371088,
      "ci95_low": 0.06661834029972676,
      "ci95_high": 0.13198919175992047
    },
    "uncertainty": {
      "mean": 0.0,
      "std": 0.0,
      "ci95_low": 0.0,
      "ci95_high": 0.0
    },
    "best_seed": 123,
    "worst_seed": 3407
  },
  "h3": {
    "mae": {
      "mean": 23.150136782598498,
      "std": 0.4874547032845253,
      "ci95_low": 22.544881826775004,
      "ci95_high": 23.75539173842199
    },
    "rmse": {
      "mean": 45.30464364218156,
      "std": 0.9716509590339555,
      "ci95_low": 44.098179627528935,
      "ci95_high": 46.511107656834184
    },
    "spearman": {
      "mean": 0.07970484901355743,
      "std": 0.045277388784168794,
      "ci95_low": 0.023485545427580135,
      "ci95_high": 0.13592415259953472
    },
    "p_at_10": {
      "mean": 0.048,
      "std": 0.02280350850198276,
      "ci95_low": 0.01968570446035456,
      "ci95_high": 0.07631429553964544
    },
    "recall_at_10": {
      "mean": 0.048,
      "std": 0.02280350850198276,
      "ci95_low": 0.01968570446035456,
      "ci95_high": 0.07631429553964544
    },
    "ndcg_at_10": {
      "mean": 0.14901471937258412,
      "std": 0.03432570739671175,
      "ci95_low": 0.10639372428521049,
      "ci95_high": 0.19163571445995775
    },
    "uncertainty": {
      "mean": 0.0,
      "std": 0.0,
      "ci95_low": 0.0,
      "ci95_high": 0.0
    },
    "best_seed": 7777,
    "worst_seed": 2026
  },
  "h5": {
    "mae": {
      "mean": 24.86686309819222,
      "std": 0.35828093540879524,
      "ci95_low": 24.42199855945235,
      "ci95_high": 25.311727636932087
    },
    "rmse": {
      "mean": 48.39529928546341,
      "std": 1.025505755270324,
      "ci95_low": 47.12196570919349,
      "ci95_high": 49.66863286173333
    },
    "spearman": {
      "mean": 0.03764439930220925,
      "std": 0.04803771059399559,
      "ci95_low": -0.02200229649848663,
      "ci95_high": 0.09729109510290514
    },
    "p_at_10": {
      "mean": 0.06799999999999999,
      "std": 0.046043457732885346,
      "ci95_low": 0.010829496180259551,
      "ci95_high": 0.12517050381974043
    },
    "recall_at_10": {
      "mean": 0.06799999999999999,
      "std": 0.046043457732885346,
      "ci95_low": 0.010829496180259551,
      "ci95_high": 0.12517050381974043
    },
    "ndcg_at_10": {
      "mean": 0.16224303703946608,
      "std": 0.031216915930063493,
      "ci95_low": 0.12348211639415266,
      "ci95_high": 0.2010039576847795
    },
    "uncertainty": {
      "mean": 0.0,
      "std": 0.0,
      "ci95_low": 0.0,
      "ci95_high": 0.0
    },
    "best_seed": 123,
    "worst_seed": 42
  }
}
